EN prng_send NULL /home/apurvan/GSoC/usb-plug-mod-working/data_transfer_gearwork/src/Virtex-5/prng_send.vhd sub00/vhpl00 1564953478
AR enc_8b10b rtl /home/apurvan/GSoC/usb-plug-mod-working/data_transfer_gearwork/src/Virtex-5/enc_8b10b.vhd sub00/vhpl03 1564953481
EN top NULL /home/apurvan/GSoC/usb-plug-mod-working/data_transfer_gearwork/src/Virtex-5/top.vhd sub00/vhpl04 1564953484
AR top rtl /home/apurvan/GSoC/usb-plug-mod-working/data_transfer_gearwork/src/Virtex-5/top.vhd sub00/vhpl05 1564953485
EN enc_8b10b NULL /home/apurvan/GSoC/usb-plug-mod-working/data_transfer_gearwork/src/Virtex-5/enc_8b10b.vhd sub00/vhpl02 1564953480
AR serdes_10_1 str /home/apurvan/GSoC/usb-plug-mod-working/data_transfer_gearwork/src/Virtex-5/serdes_10_1.vhd sub00/vhpl07 1564953483
AR prng_send rtl /home/apurvan/GSoC/usb-plug-mod-working/data_transfer_gearwork/src/Virtex-5/prng_send.vhd sub00/vhpl01 1564953479
EN serdes_10_1 NULL /home/apurvan/GSoC/usb-plug-mod-working/data_transfer_gearwork/src/Virtex-5/serdes_10_1.vhd sub00/vhpl06 1564953482
