EN prng_send NULL /home/apurvan/GSoC/usb-plug-mod-working/data_transfer_gearwork/src/Virtex-5/prng_send.vhd sub00/vhpl00 1565328952
AR enc_8b10b rtl /home/apurvan/GSoC/usb-plug-mod-working/data_transfer_gearwork/src/Virtex-5/enc_8b10b.vhd sub00/vhpl03 1565328955
EN top NULL /home/apurvan/GSoC/usb-plug-mod-working/data_transfer_gearwork/src/Virtex-5/top.vhd sub00/vhpl04 1565328958
AR top rtl /home/apurvan/GSoC/usb-plug-mod-working/data_transfer_gearwork/src/Virtex-5/top.vhd sub00/vhpl05 1565328959
EN enc_8b10b NULL /home/apurvan/GSoC/usb-plug-mod-working/data_transfer_gearwork/src/Virtex-5/enc_8b10b.vhd sub00/vhpl02 1565328954
AR serdes_10_1 str /home/apurvan/GSoC/usb-plug-mod-working/data_transfer_gearwork/src/Virtex-5/serdes_10_1.vhd sub00/vhpl07 1565328957
AR prng_send rtl /home/apurvan/GSoC/usb-plug-mod-working/data_transfer_gearwork/src/Virtex-5/prng_send.vhd sub00/vhpl01 1565328953
EN serdes_10_1 NULL /home/apurvan/GSoC/usb-plug-mod-working/data_transfer_gearwork/src/Virtex-5/serdes_10_1.vhd sub00/vhpl06 1565328956
